// Jest Snapshot v1, https://goo.gl/fbAQLP

exports[`CreateOrEditForm renders correctly 1`] = `ShallowWrapper {}`;
